1884728D CHECKING ED251A501FB5CF92
acc.getHolder() = {id: ED251A501FB5CF92,name: Jeffrey Blankinson,age: 32,gender: Male,accounts: [1884728D]}
acc.getBalance() = 25.0
Withdrawing 2 dollars
acc.getBalance() = 23.0
acc.getBalance() = 33.0
acc.getBalance() = -12.0

Statement:

#ED251A501FB5CF92 JEFFREY BLANKINSON
--------------------------------------
1884728D CHECKING
--------------------------
 0 | Withdrawal    |  -2.0 
 1 | Deposit       |  10.0 
 2 | Withdrawal    | -45.0 
 3 | Overdraft fee | -2.25 
   | TOTAL BALANCE | -12.0 
